[html.themefax.com/edufax/index.html]
[backblue.gif]
[fade.gif]
[index.html]
[html.themefax.com/edufax/images/favicon.png]
[html.themefax.com/edufax/css/all.min.css]
[html.themefax.com/edufax/css/bootstrap.min.css]
[html.themefax.com/edufax/css/animate.css]
[html.themefax.com/edufax/css/nice-select.css]
[html.themefax.com/edufax/css/slick.css]
[html.themefax.com/edufax/css/venobox.min.css]
[html.themefax.com/edufax/css/videoPlayer.min.css]
[html.themefax.com/edufax/css/spacing.css]
[html.themefax.com/edufax/css/style.css]
[html.themefax.com/edufax/css/responsive.css]
[html.themefax.com/edufax/images/logo.png]
[html.themefax.com/edufax/about.html]
[html.themefax.com/edufax/courses.html]
[html.themefax.com/edufax/event.html]
[html.themefax.com/edufax/blog.html]
[html.themefax.com/edufax/become_an_instructor.html]
[html.themefax.com/edufax/blog_details.html]
[html.themefax.com/edufax/courses_details.html]
[html.themefax.com/edufax/event_details.html]
[html.themefax.com/edufax/instructor.html]
[html.themefax.com/edufax/instructor_details.html]
[html.themefax.com/edufax/dashboard.html]
[html.themefax.com/edufax/faq.html]
[html.themefax.com/edufax/forgot_password.html]
[html.themefax.com/edufax/payment.html]
[html.themefax.com/edufax/terms_condition.html]
[html.themefax.com/edufax/privacy_policy.html]
[html.themefax.com/edufax/404.html]
[html.themefax.com/edufax/courses_video.html]
[html.themefax.com/edufax/contact.html]
[html.themefax.com/edufax/sign_up.html]
[html.themefax.com/edufax/images/banner_bg.jpg]
[html.themefax.com/edufax/images/banner_img.png]
[html.themefax.com/edufax/images/category_bg.jpg]
[html.themefax.com/edufax/images/category_icon_1.png]
[html.themefax.com/edufax/images/category_icon_2.png]
[html.themefax.com/edufax/images/category_icon_3.png]
[html.themefax.com/edufax/images/category_icon_4.png]
[html.themefax.com/edufax/images/category_icon_5.png]
[html.themefax.com/edufax/images/category_icon_6.png]
[html.themefax.com/edufax/images/category_icon_7.png]
[html.themefax.com/edufax/images/category_icon_8.png]
[html.themefax.com/edufax/images/about_section_bg.jpg]
[html.themefax.com/edufax/images/about-_img_1.jpg]
[html.themefax.com/edufax/images/about-_img_2.jpg]
[html.themefax.com/edufax/images/courses_bg.jpg]
[html.themefax.com/edufax/images/courses_img_1.jpg]
[html.themefax.com/edufax/images/book_icon.svg]
[html.themefax.com/edufax/images/star_icon.svg]
[html.themefax.com/edufax/images/user_icon.svg]
[html.themefax.com/edufax/images/doller_icon.svg]
[html.themefax.com/edufax/images/courses_img_2.jpg]
[html.themefax.com/edufax/images/courses_img_3.jpg]
[html.themefax.com/edufax/images/courses_img_4.jpg]
[html.themefax.com/edufax/images/courses_img_6.jpg]
[html.themefax.com/edufax/images/student_choose_bg.jpg]
[html.themefax.com/edufax/images/student_choose_img_1.jpg]
[html.themefax.com/edufax/images/student_choose_img_2.jpg]
[html.themefax.com/edufax/images/event_bg.jpg]
[html.themefax.com/edufax/images/testimonial_bg.jpg]
[html.themefax.com/edufax/images/testimonial_img_3.jpg]
[html.themefax.com/edufax/images/testimonial_img_2.jpg]
[html.themefax.com/edufax/images/testimonial_img_1.jpg]
[html.themefax.com/edufax/images/certificate_bg.jpg]
[html.themefax.com/edufax/images/certificate_icon_1.png]
[html.themefax.com/edufax/images/certificate_icon_2.png]
[html.themefax.com/edufax/images/certificate_icon_3.png]
[html.themefax.com/edufax/images/certificate_icon_4.png]
[html.themefax.com/edufax/images/instructor_bg.jpg]
[html.themefax.com/edufax/images/instructor_img_1.png]
[html.themefax.com/edufax/images/instructor_img_2.png]
[html.themefax.com/edufax/images/instructor_img_3.png]
[html.themefax.com/edufax/images/instructor_img_4.png]
[html.themefax.com/edufax/images/instructor_img_5.png]
[html.themefax.com/edufax/images/blog_bg.jpg]
[html.themefax.com/edufax/images/blog_img_5.jpg]
[html.themefax.com/edufax/images/bloger_1.jpg]
[html.themefax.com/edufax/images/blog_img_6.jpg]
[html.themefax.com/edufax/images/bloger_2.jpg]
[html.themefax.com/edufax/images/blog_img_3.jpg]
[html.themefax.com/edufax/images/bloger_3.jpg]
[html.themefax.com/edufax/images/blog_img_7.jpg]
[html.themefax.com/edufax/images/footer_bg.png]
[html.themefax.com/edufax/images/footer_logo.png]
[html.themefax.com/edufax/js/jquery-3.7.0.min.js]
[html.themefax.com/edufax/js/bootstrap.bundle.min.js]
[html.themefax.com/edufax/js/Font-Awesome.js]
[html.themefax.com/edufax/js/jquery.nice-select.min.js]
[html.themefax.com/edufax/js/slick.min.js]
[html.themefax.com/edufax/js/sticky_sidebar.js]
[html.themefax.com/edufax/js/venobox.min.js]
[html.themefax.com/edufax/js/wow.min.js]
[html.themefax.com/edufax/js/videoPlayer.min.js]
[html.themefax.com/edufax/js/main.js]
[html.themefax.com/edufax/index.html]
[html.themefax.com/edufax/webfonts/fa-brands-400.eot]
[html.themefax.com/edufax/webfonts/fa-brands-400.woff2]
[html.themefax.com/edufax/webfonts/fa-brands-400d41d.eot]
[html.themefax.com/edufax/webfonts/fa-brands-400.woff]
[html.themefax.com/edufax/webfonts/fa-brands-400.ttf]
[html.themefax.com/edufax/webfonts/fa-regular-400.eot]
[html.themefax.com/edufax/webfonts/fa-regular-400d41d.eot]
[html.themefax.com/edufax/webfonts/fa-brands-400.svg]
[html.themefax.com/edufax/webfonts/fa-regular-400.woff2]
[html.themefax.com/edufax/webfonts/fa-regular-400.woff]
[html.themefax.com/edufax/webfonts/fa-regular-400.ttf]
[html.themefax.com/edufax/webfonts/fa-regular-400.svg]
[html.themefax.com/edufax/webfonts/fa-solid-900d41d.eot]
[html.themefax.com/edufax/webfonts/fa-solid-900.woff2]
[html.themefax.com/edufax/webfonts/fa-solid-900.eot]
[html.themefax.com/edufax/webfonts/fa-solid-900.woff]
[html.themefax.com/edufax/webfonts/fa-solid-900.ttf]
[html.themefax.com/edufax/css/all.min.css]
[html.themefax.com/edufax/css/bootstrap.min.css]
[html.themefax.com/edufax/css/animate.css]
[html.themefax.com/edufax/css/nice-select.css]
[html.themefax.com/edufax/css/slick.css]
[html.themefax.com/edufax/css/venobox.min.css]
[html.themefax.com/edufax/css/videoPlayer.min.css]
[html.themefax.com/edufax/css/spacing.css]
[html.themefax.com/edufax/webfonts/fa-solid-900.svg]
[html.themefax.com/edufax/images/banner_text_shapes.png]
[html.themefax.com/edufax/images/banner_img_shapes.png]
[html.themefax.com/edufax/images/banner_img_shapes_2.png]
[html.themefax.com/edufax/images/dot_shapes_2.png]
[html.themefax.com/edufax/images/dot_shapes_1.png]
[html.themefax.com/edufax/images/check_icon.png]
[html.themefax.com/edufax/images/single_instructor_bg.jpg]
[html.themefax.com/edufax/images/accordian_plus.png]
[html.themefax.com/edufax/images/accordian_minus.png]
[html.themefax.com/edufax/css/style.css]
[html.themefax.com/edufax/css/responsive.css]
[html.themefax.com/edufax/images/breadcrumb_bg.jpg]
[html.themefax.com/edufax/images/about_video_img.jpg]
[html.themefax.com/edufax/about.html]
[html.themefax.com/edufax/courses.html]
[html.themefax.com/edufax/event.html]
[html.themefax.com/edufax/images/blog_img_1.jpg]
[html.themefax.com/edufax/images/blog_img_2.jpg]
[html.themefax.com/edufax/images/blog_img_4.jpg]
[html.themefax.com/edufax/images/blog_img_8.jpg]
[html.themefax.com/edufax/images/blog_img_9.jpg]
[html.themefax.com/edufax/blog.html]
[html.themefax.com/edufax/become_an_instructor.html]
[html.themefax.com/edufax/images/blog_details_img.jpg]
[html.themefax.com/edufax/images/blog_details_video_img.jpg]
[html.themefax.com/edufax/images/sidebar_img_1.jpg]
[html.themefax.com/edufax/images/sidebar_img_2.jpg]
[html.themefax.com/edufax/images/sidebar_img_3.jpg]
[html.themefax.com/edufax/images/sidebar_img_4.jpg]
[html.themefax.com/edufax/blog_details.html]
[html.themefax.com/edufax/images/course_details_img.jpg]
[html.themefax.com/edufax/images/instructor_details_img.png]
[html.themefax.com/edufax/images/review_img_1.jpg]
[html.themefax.com/edufax/images/like_icon.svg]
[html.themefax.com/edufax/images/dislike_icon.svg]
[html.themefax.com/edufax/images/review_img_2.jpg]
[html.themefax.com/edufax/images/review_img_3.jpg]
[html.themefax.com/edufax/images/review_img_4.jpg]
[html.themefax.com/edufax/images/sidebar_video_img.jpg]
[html.themefax.com/edufax/images/sidebar_course_img_1.jpg]
[html.themefax.com/edufax/images/sidebar_course_img_2.jpg]
[html.themefax.com/edufax/images/sidebar_course_img_3.jpg]
[html.themefax.com/edufax/courses_details.html]
[html.themefax.com/edufax/images/event_details_img.jpg]
[html.themefax.com/edufax/event_details.html]
[html.themefax.com/edufax/images/instructor_img_6.png]
[html.themefax.com/edufax/instructor.html]
[html.themefax.com/edufax/instructor_details.html]
[html.themefax.com/edufax/images/dashboard_user_img.jpg]
[html.themefax.com/edufax/images/camera_icon.png]
[html.themefax.com/edufax/dashboard_info.html]
[html.themefax.com/edufax/dashboard_courses.html]
[html.themefax.com/edufax/dashboard_review.html]
[html.themefax.com/edufax/dashboard_order.html]
[html.themefax.com/edufax/dashboard_wishlist.html]
[html.themefax.com/edufax/dashboard_change_password.html]
[html.themefax.com/edufax/images/overview_icon_1.png]
[html.themefax.com/edufax/images/overview_icon_2.png]
[html.themefax.com/edufax/images/overview_icon_3.png]
[html.themefax.com/edufax/images/overview_icon_4.png]
[html.themefax.com/edufax/images/overview_icon_5.png]
[html.themefax.com/edufax/images/overview_icon_6.png]
[html.themefax.com/edufax/dashboard.html]
[html.themefax.com/edufax/faq.html]
[html.themefax.com/edufax/sign_in.html]
[html.themefax.com/edufax/forgot_password.html]
[html.themefax.com/edufax/images/payment_4.png]
[html.themefax.com/edufax/images/payment_5.png]
[html.themefax.com/edufax/images/payment_1.png]
[html.themefax.com/edufax/images/payment_2.png]
[html.themefax.com/edufax/images/payment_3.png]
[html.themefax.com/edufax/images/payment_6.png]
[html.themefax.com/edufax/images/payment_7.png]
[html.themefax.com/edufax/payment.html]
[html.themefax.com/edufax/terms_condition.html]
[html.themefax.com/edufax/privacy_policy.html]
[html.themefax.com/edufax/images/404.jpg]
[html.themefax.com/edufax/404.html]
[html.themefax.com/edufax/courses_video.html]
[html.themefax.com/edufax/contact.html]
[html.themefax.com/edufax/sign_up.html]
[html.themefax.com/edufax/images/book_icon.svg]
[html.themefax.com/edufax/images/star_icon.svg]
[html.themefax.com/edufax/images/user_icon.svg]
[html.themefax.com/edufax/images/doller_icon.svg]
[html.themefax.com/edufax/webfonts/fa-brands-400.svg]
[html.themefax.com/edufax/webfonts/fa-regular-400.svg]
[html.themefax.com/edufax/webfonts/fa-solid-900.svg]
[html.themefax.com/edufax/images/like_icon.svg]
[html.themefax.com/edufax/images/dislike_icon.svg]
[html.themefax.com/edufax/dashboard_info_edit.html]
[html.themefax.com/edufax/dashboard_info.html]
[html.themefax.com/edufax/dashboard_courses.html]
[html.themefax.com/edufax/dashboard_review.html]
[html.themefax.com/edufax/dashboard_order_invoice.html]
[html.themefax.com/edufax/dashboard_order.html]
[html.themefax.com/edufax/dashboard_wishlist.html]
[html.themefax.com/edufax/dashboard_change_password.html]
[html.themefax.com/edufax/sign_in.html]
[html.themefax.com/edufax/dashboard_info_edit.html]
[html.themefax.com/edufax/dashboard_order_invoice.html]
